main.c:149:6:HAL_UART_RxCpltCallback	16	static
main.c:169:6:Convert_to_Ascii	16	static
main.c:194:6:Pulse	32	static
main.c:214:5:main	2544	static
main.c:2516:6:SystemClock_Config	160	static
main.c:2565:13:MX_ADC3_Init	48	static
main.c:2628:13:MX_DAC1_Init	24	static
main.c:2666:13:MX_TIM1_Init	112	static
main.c:2746:13:MX_TIM2_Init	40	static
main.c:2791:13:MX_USART2_UART_Init	8	static
main.c:2824:13:MX_DMA_Init	16	static
main.c:2842:13:MX_GPIO_Init	48	static
main.c:2925:6:buttonbounce	8	static
main.c:3071:6:Error_Handler	4	static
